Component: ARM Compiler 6.14 Tool: armlink [5db06800]

==============================================================================

Section Cross References

    whackamole.o(RESET) refers to whackamole.o(MYCODE) for Reset_Handler


==============================================================================

Image Symbol Table

    Local Symbols

    Symbol Name                              Value     Ov Type        Size  Object(Section)

    WhackAMole.s                             0x00000000   Number         0  whackamole.o ABSOLUTE
    RESET                                    0x08000000   Section        8  whackamole.o(RESET)
    MYCODE                                   0x08000008   Section     1732  whackamole.o(MYCODE)
    GPIO_START                               0x08000019   Thumb Code    18  whackamole.o(MYCODE)
    CONFIG_GPIOA                             0x0800002b   Thumb Code    40  whackamole.o(MYCODE)
    CONFIG_GPIOB                             0x08000053   Thumb Code    24  whackamole.o(MYCODE)
    waitingForPlayer                         0x0800006d   Thumb Code   396  whackamole.o(MYCODE)
    startGame                                0x080001f9   Thumb Code   208  whackamole.o(MYCODE)
    endSuccess                               0x080002c9   Thumb Code   124  whackamole.o(MYCODE)
    first_LED                                0x08000345   Thumb Code   114  whackamole.o(MYCODE)
    second_LED                               0x080003b9   Thumb Code   114  whackamole.o(MYCODE)
    third_LED                                0x0800042d   Thumb Code   114  whackamole.o(MYCODE)
    fourth_LED                               0x080004a1   Thumb Code   114  whackamole.o(MYCODE)
    endFailure                               0x08000515   Thumb Code   418  whackamole.o(MYCODE)

    Global Symbols

    Symbol Name                              Value     Ov Type        Size  Object(Section)

    BuildAttributes$$THM_ISAv4$P$D$K$B$S$A:L22UL41UL21$X:L11$S22US41US21$IEEE1$~IW$USESV6$~STKCKD$USESV7$~SHL$OSPACE$EBA8$STANDARDLIB$PRES8$EABIv2 0x00000000   Number         0  anon$$obj.o ABSOLUTE
    __Vectors                                0x08000000   Data           0  whackamole.o(RESET)
    Reset_Handler                            0x08000009   Thumb Code    16  whackamole.o(MYCODE)



==============================================================================

Memory Map of the image

  Image Entry point : 0x08000009

  Load Region LR_1 (Base: 0x08000000, Size: 0x000006cc, Max: 0xffffffff, ABSOLUTE)

    Execution Region ER_RO (Exec base: 0x08000000, Load base: 0x08000000, Size: 0x000006cc, Max: 0xffffffff, ABSOLUTE)

    Exec Addr    Load Addr    Size         Type   Attr      Idx    E Section Name        Object

    0x08000000   0x08000000   0x00000008   Data   RO            1    RESET               whackamole.o
    0x08000008   0x08000008   0x000006c4   Code   RO            2  * MYCODE              whackamole.o


    Execution Region ER_RW (Exec base: 0x20000000, Load base: 0x080006cc, Size: 0x00000000, Max: 0xffffffff, ABSOLUTE)

    **** No section assigned to this execution region ****


    Execution Region ER_ZI (Exec base: 0x20000000, Load base: 0x080006cc, Size: 0x00000000, Max: 0xffffffff, ABSOLUTE)

    **** No section assigned to this execution region ****


==============================================================================

Image component sizes


      Code (inc. data)   RO Data    RW Data    ZI Data      Debug   Object Name

      1732        130          8          0          0       1636   whackamole.o

    ----------------------------------------------------------------------
      1732        130          8          0          0       1636   Object Totals
         0          0          0          0          0          0   (incl. Generated)
         0          0          0          0          0          0   (incl. Padding)

    ----------------------------------------------------------------------
         0          0          0          0          0          0   Library Totals
         0          0          0          0          0          0   (incl. Padding)

    ----------------------------------------------------------------------

==============================================================================


      Code (inc. data)   RO Data    RW Data    ZI Data      Debug   

      1732        130          8          0          0       1636   Grand Totals
      1732        130          8          0          0       1636   ELF Image Totals
      1732        130          8          0          0          0   ROM Totals

==============================================================================

    Total RO  Size (Code + RO Data)                 1740 (   1.70kB)
    Total RW  Size (RW Data + ZI Data)                 0 (   0.00kB)
    Total ROM Size (Code + RO Data + RW Data)       1740 (   1.70kB)

==============================================================================

