<html>
<body>
<pre>
<h1>µVision Build Log</h1>
<h2>Tool Versions:</h2>
IDE-Version: µVision V5.31.0.0
Copyright (C) 2020 ARM Ltd and ARM Germany GmbH. All rights reserved.
License Information: Favor Fasunwon, University of Regina, LIC=----
 
Tool Versions:
Toolchain:       MDK-Lite  Version: 5.31.0.0
Toolchain Path:  C:\Keil_v5\ARM\ARMCLANG\Bin
C Compiler:      ArmClang.exe V6.14
Assembler:       Armasm.exe V6.14
Linker/Locator:  ArmLink.exe V6.14
Library Manager: ArmAr.exe V6.14
Hex Converter:   FromElf.exe V6.14
CPU DLL:         SARMCM3.DLL V5.31.0.0
Dialog DLL:      DCM.DLL V1.17.3.0
Target DLL:      STLink\ST-LINKIII-KEIL_SWO.dll V3.0.7.0
Dialog DLL:      TCM.DLL V1.46.0.0
 
<h2>Project:</h2>
C:\Users\favor\Documents\ENSE352Lab\WhackAMole\WhackAMole.uvprojx
Project File Date:  12/06/2020

<h2>Output:</h2>
*** Using Compiler 'V6.14', folder: 'C:\Keil_v5\ARM\ARMCLANG\Bin'
Rebuild target 'Target 1'
"WhackAMole.s", line 97: Warning: A1488W: PROC/FUNC at line 64 in 'WhackAMole.s' without matching ENDP/ENDFUNC
   97 00000010 GPIO_START PROC
"WhackAMole.s", line 137: Warning: A1581W: Added 2 bytes of padding at address 0x26
  137 00000028  LTORG
"WhackAMole.s", line 175: Warning: A1581W: Added 2 bytes of padding at address 0x4e
  175 00000050  LTORG
"WhackAMole.s", line 484: Warning: A1581W: Added 2 bytes of padding at address 0x23e
  484 00000240  LTORG
"WhackAMole.s", line 490: Warning: A1581W: Added 2 bytes of padding at address 0x24e
  490 00000250  LTORG
"WhackAMole.s", line 496: Warning: A1581W: Added 2 bytes of padding at address 0x25e
  496 00000260  LTORG
"WhackAMole.s", line 506: Warning: A1581W: Added 2 bytes of padding at address 0x272
  506 00000274  LTORG
"WhackAMole.s", line 517: Warning: A1581W: Added 2 bytes of padding at address 0x28e
  517 00000290  LTORG
"WhackAMole.s", line 1087: Warning: A1581W: Added 2 bytes of padding at address 0x6ae
 1087 000006b0  END
0 Errors, 9 Warnings
assembling WhackAMole.s...
linking...
Program Size: Code=1732 RO-data=8 RW-data=0 ZI-data=0  
".\Objects\WhackAMole.axf" - 0 Error(s), 0 Warning(s).

<h2>Software Packages used:</h2>

Package Vendor: Keil
                http://www.keil.com/pack/Keil.STM32F1xx_DFP.2.3.0.pack
                Keil.STM32F1xx_DFP.2.3.0
                STMicroelectronics STM32F1 Series Device Support, Drivers and Examples

<h2>Collection of Component include folders:</h2>
  C:\Users\favor\AppData\Local\Arm\Packs\Keil\STM32F1xx_DFP\2.3.0\Device\Include

<h2>Collection of Component Files used:</h2>
Build Time Elapsed:  00:00:07
</pre>
</body>
</html>
