<!doctype html public "-//w3c//dtd html 4.0 transitional//en">
<html><head>
<title>Static Call Graph - [.\Objects\WhackAMole.axf]</title></head>
<body><HR>
<H1>Static Call Graph for image .\Objects\WhackAMole.axf</H1><HR>
<BR><P>#&#060CALLGRAPH&#062# ARM Linker, 6140002: Last Updated: Sun Dec  6 02:18:29 2020
<BR><P>
<H3>Maximum Stack Usage =          0 bytes + Unknown(Cycles, Untraceable Function Pointers)</H3><H3>
Call chain for Maximum Stack Depth:</H3>

<P>
<H3>
Mutually Recursive functions
</H3> <LI><a href="#[a]">endSuccess</a>&nbsp;&nbsp;&nbsp;&rArr;&nbsp;&nbsp;&nbsp;<a href="#[8]">waitingForPlayer</a><BR>
</UL>
<P>
<H3>
Function Pointers
</H3><UL>
 <LI><a href="#[0]">Reset_Handler</a> from whackamole.o(MYCODE) referenced from whackamole.o(RESET)
 <LI><a href="#[1]">first_LED</a> from whackamole.o(MYCODE) referenced from whackamole.o(MYCODE)
 <LI><a href="#[4]">fourth_LED</a> from whackamole.o(MYCODE) referenced from whackamole.o(MYCODE)
 <LI><a href="#[2]">second_LED</a> from whackamole.o(MYCODE) referenced from whackamole.o(MYCODE)
 <LI><a href="#[3]">third_LED</a> from whackamole.o(MYCODE) referenced from whackamole.o(MYCODE)
</UL>
<P>
<H3>
Global Symbols
</H3>
<P><STRONG><a name="[0]"></a>Reset_Handler</STRONG> (Thumb, 16 bytes, Stack size 0 bytes, whackamole.o(MYCODE))
<BR><BR>[Calls]<UL><LI><a href="#[8]">&gt;&gt;</a>&nbsp;&nbsp;&nbsp;waitingForPlayer
<LI><a href="#[7]">&gt;&gt;</a>&nbsp;&nbsp;&nbsp;CONFIG_GPIOB
<LI><a href="#[6]">&gt;&gt;</a>&nbsp;&nbsp;&nbsp;CONFIG_GPIOA
<LI><a href="#[5]">&gt;&gt;</a>&nbsp;&nbsp;&nbsp;GPIO_START
</UL>
<BR>[Address Reference Count : 1]<UL><LI> whackamole.o(RESET)
</UL><P>
<H3>
Local Symbols
</H3>
<P><STRONG><a name="[5]"></a>GPIO_START</STRONG> (Thumb, 18 bytes, Stack size 0 bytes, whackamole.o(MYCODE))
<BR><BR>[Called By]<UL><LI><a href="#[0]">&gt;&gt;</a>&nbsp;&nbsp;&nbsp;Reset_Handler
</UL>

<P><STRONG><a name="[6]"></a>CONFIG_GPIOA</STRONG> (Thumb, 40 bytes, Stack size 0 bytes, whackamole.o(MYCODE))
<BR><BR>[Called By]<UL><LI><a href="#[0]">&gt;&gt;</a>&nbsp;&nbsp;&nbsp;Reset_Handler
</UL>

<P><STRONG><a name="[7]"></a>CONFIG_GPIOB</STRONG> (Thumb, 24 bytes, Stack size 0 bytes, whackamole.o(MYCODE))
<BR><BR>[Called By]<UL><LI><a href="#[0]">&gt;&gt;</a>&nbsp;&nbsp;&nbsp;Reset_Handler
</UL>

<P><STRONG><a name="[8]"></a>waitingForPlayer</STRONG> (Thumb, 396 bytes, Stack size 0 bytes, whackamole.o(MYCODE))
<BR><BR>[Calls]<UL><LI><a href="#[9]">&gt;&gt;</a>&nbsp;&nbsp;&nbsp;startGame
</UL>
<BR>[Called By]<UL><LI><a href="#[0]">&gt;&gt;</a>&nbsp;&nbsp;&nbsp;Reset_Handler
<LI><a href="#[b]">&gt;&gt;</a>&nbsp;&nbsp;&nbsp;endFailure
<LI><a href="#[a]">&gt;&gt;</a>&nbsp;&nbsp;&nbsp;endSuccess
</UL>

<P><STRONG><a name="[9]"></a>startGame</STRONG> (Thumb, 208 bytes, Stack size 0 bytes, whackamole.o(MYCODE))
<BR><BR>[Calls]<UL><LI><a href="#[a]">&gt;&gt;</a>&nbsp;&nbsp;&nbsp;endSuccess
</UL>
<BR>[Called By]<UL><LI><a href="#[8]">&gt;&gt;</a>&nbsp;&nbsp;&nbsp;waitingForPlayer
</UL>

<P><STRONG><a name="[a]"></a>endSuccess</STRONG> (Thumb, 124 bytes, Stack size 0 bytes, whackamole.o(MYCODE))
<BR><BR>[Calls]<UL><LI><a href="#[8]">&gt;&gt;</a>&nbsp;&nbsp;&nbsp;waitingForPlayer
</UL>
<BR>[Called By]<UL><LI><a href="#[9]">&gt;&gt;</a>&nbsp;&nbsp;&nbsp;startGame
</UL>

<P><STRONG><a name="[1]"></a>first_LED</STRONG> (Thumb, 114 bytes, Stack size 0 bytes, whackamole.o(MYCODE))
<BR><BR>[Calls]<UL><LI><a href="#[b]">&gt;&gt;</a>&nbsp;&nbsp;&nbsp;endFailure
</UL>
<BR>[Address Reference Count : 1]<UL><LI> whackamole.o(MYCODE)
</UL>
<P><STRONG><a name="[2]"></a>second_LED</STRONG> (Thumb, 114 bytes, Stack size 0 bytes, whackamole.o(MYCODE))
<BR><BR>[Calls]<UL><LI><a href="#[b]">&gt;&gt;</a>&nbsp;&nbsp;&nbsp;endFailure
</UL>
<BR>[Address Reference Count : 1]<UL><LI> whackamole.o(MYCODE)
</UL>
<P><STRONG><a name="[3]"></a>third_LED</STRONG> (Thumb, 114 bytes, Stack size 0 bytes, whackamole.o(MYCODE))
<BR><BR>[Calls]<UL><LI><a href="#[b]">&gt;&gt;</a>&nbsp;&nbsp;&nbsp;endFailure
</UL>
<BR>[Address Reference Count : 1]<UL><LI> whackamole.o(MYCODE)
</UL>
<P><STRONG><a name="[4]"></a>fourth_LED</STRONG> (Thumb, 114 bytes, Stack size 0 bytes, whackamole.o(MYCODE))
<BR><BR>[Calls]<UL><LI><a href="#[b]">&gt;&gt;</a>&nbsp;&nbsp;&nbsp;endFailure
</UL>
<BR>[Address Reference Count : 1]<UL><LI> whackamole.o(MYCODE)
</UL>
<P><STRONG><a name="[b]"></a>endFailure</STRONG> (Thumb, 418 bytes, Stack size 0 bytes, whackamole.o(MYCODE))
<BR><BR>[Calls]<UL><LI><a href="#[8]">&gt;&gt;</a>&nbsp;&nbsp;&nbsp;waitingForPlayer
</UL>
<BR>[Called By]<UL><LI><a href="#[4]">&gt;&gt;</a>&nbsp;&nbsp;&nbsp;fourth_LED
<LI><a href="#[3]">&gt;&gt;</a>&nbsp;&nbsp;&nbsp;third_LED
<LI><a href="#[2]">&gt;&gt;</a>&nbsp;&nbsp;&nbsp;second_LED
<LI><a href="#[1]">&gt;&gt;</a>&nbsp;&nbsp;&nbsp;first_LED
</UL>
<P>
<H3>
Undefined Global Symbols
</H3><HR></body></html>
